// Jest Snapshot v1, https://goo.gl/fbAQLP

exports[`Components Atoms Button matches snapshot 1`] = `
<button
  className="ant-btn ant-btn-default"
  disabled={false}
  onClick={[Function]}
  type="button"
/>
`;
